// Jest Snapshot v1, https://goo.gl/fbAQLP

exports[`DrumPractice main page renders DrumPractice without crashing 1`] = `
ShallowWrapper {
  "length": 1,
  Symbol(enzyme.__root__): [Circular],
  Symbol(enzyme.__unrendered__): <DrumPractice
    onDragOver={[Function]}
    onDrop={[Function]}
/>,
  Symbol(enzyme.__renderer__): Object {
    "batchedUpdates": [Function],
    "getNode": [Function],
    "render": [Function],
    "simulateEvent": [Function],
    "unmount": [Function],
  },
  Symbol(enzyme.__node__): Object {
    "instance": null,
    "key": undefined,
    "nodeType": "class",
    "props": Object {
      "children": Array [
        <div
          className="drop-zone"
          onDragOver={[Function]}
          onDrop={[Function]}
>
          <div
                    className="border"
          >
                    Drag one or more audio files to this Drop Zone ...
          </div>
</div>,
        <withRouter(Connect(YoutubeForm)) />,
        <withRouter(Connect(SongList)) />,
      ],
    },
    "ref": null,
    "rendered": Array [
      Object {
        "instance": null,
        "key": undefined,
        "nodeType": "host",
        "props": Object {
          "children": <div
            className="border"
>
            Drag one or more audio files to this Drop Zone ...
</div>,
          "className": "drop-zone",
          "onDragOver": [Function],
          "onDrop": [Function],
        },
        "ref": null,
        "rendered": Object {
          "instance": null,
          "key": undefined,
          "nodeType": "host",
          "props": Object {
            "children": "Drag one or more audio files to this Drop Zone ...",
            "className": "border",
          },
          "ref": null,
          "rendered": "Drag one or more audio files to this Drop Zone ...",
          "type": "div",
        },
        "type": "div",
      },
      Object {
        "instance": null,
        "key": undefined,
        "nodeType": "function",
        "props": Object {},
        "ref": null,
        "rendered": null,
        "type": [Function],
      },
      Object {
        "instance": null,
        "key": undefined,
        "nodeType": "function",
        "props": Object {},
        "ref": null,
        "rendered": null,
        "type": [Function],
      },
    ],
    "type": [Function],
  },
  Symbol(enzyme.__nodes__): Array [
    Object {
      "instance": null,
      "key": undefined,
      "nodeType": "class",
      "props": Object {
        "children": Array [
          <div
            className="drop-zone"
            onDragOver={[Function]}
            onDrop={[Function]}
>
            <div
                        className="border"
            >
                        Drag one or more audio files to this Drop Zone ...
            </div>
</div>,
          <withRouter(Connect(YoutubeForm)) />,
          <withRouter(Connect(SongList)) />,
        ],
      },
      "ref": null,
      "rendered": Array [
        Object {
          "instance": null,
          "key": undefined,
          "nodeType": "host",
          "props": Object {
            "children": <div
              className="border"
>
              Drag one or more audio files to this Drop Zone ...
</div>,
            "className": "drop-zone",
            "onDragOver": [Function],
            "onDrop": [Function],
          },
          "ref": null,
          "rendered": Object {
            "instance": null,
            "key": undefined,
            "nodeType": "host",
            "props": Object {
              "children": "Drag one or more audio files to this Drop Zone ...",
              "className": "border",
            },
            "ref": null,
            "rendered": "Drag one or more audio files to this Drop Zone ...",
            "type": "div",
          },
          "type": "div",
        },
        Object {
          "instance": null,
          "key": undefined,
          "nodeType": "function",
          "props": Object {},
          "ref": null,
          "rendered": null,
          "type": [Function],
        },
        Object {
          "instance": null,
          "key": undefined,
          "nodeType": "function",
          "props": Object {},
          "ref": null,
          "rendered": null,
          "type": [Function],
        },
      ],
      "type": [Function],
    },
  ],
  Symbol(enzyme.__options__): Object {
    "adapter": ReactSixteenAdapter {
      "options": Object {
        "enableComponentDidUpdateOnSetState": true,
      },
    },
  },
}
`;
